// Game: SFPS
// Format: Valve
//
// A 16m room with a ramp to a balcony and a door in the north wall. Open it in
// TrenchBroom and save it back; nothing here is written in a dialect the editor
// does not already produce.
//
// 1 unit = 1/32 m, so grid 32 is a metre and grid 64 is two. The room is 512
// units across and 192 tall -- 16m by 6m. See BRUSH_UNIT in src/brush.h for why
// that scale and not another.
//
// The two things this level exists to prove:
//
//   THE RAMP. A sector has one floor height per point on the plan, so a surface
//   that rises has to be approximated by steps or not built. Here it is five
//   planes.
//
//   THE BALCONY. Standing under it and standing on it are the same x,z at two
//   different heights. Last-declared-wins gave a sector one of them.
//
// The door's inner face carries UV axes fitted to it -- one 128px texture over
// the whole 4m leaf, which is the thing planar projection could not express.
//
// 16m 방에 경사로와 발코니, 북쪽 벽에 문이 있습니다. TrenchBroom에서 열어 그대로 저장해도
// 됩니다. 이곳의 어떤 것도 에디터가 이미 만들어 내지 않는 방언으로 쓰여 있지 않습니다.
//
// 1유닛 = 1/32 m이므로 그리드 32가 1미터, 64가 2미터입니다. 방은 512유닛 폭에 192 높이이며
// 16m x 6m입니다. 왜 그 스케일인지는 src/brush.h의 BRUSH_UNIT을 참조하십시오.
//
// 이 레벨이 존재하는 이유 두 가지: 경사로(섹터는 평면상의 한 점에 바닥 높이가 하나뿐이라
// 올라가는 면을 계단으로 근사하거나 아예 만들 수 없습니다. 이곳에서는 평면 다섯 개입니다)와
// 발코니(그 아래 서는 것과 그 위에 서는 것이 같은 x,z의 서로 다른 두 높이입니다. 마지막 선언
// 우선 규칙은 섹터에게 둘 중 하나만 주었습니다).
//
// 문의 안쪽 면은 그 면에 맞춘 UV 축을 지닙니다. 4m 문짝 전체에 128px 텍스처 한 장이며,
// 평면 투영이 표현할 수 없던 바로 그것입니다.

// entity 0
{
"classname" "worldspawn"
"message" "Atrium"
// brush 0 -- floor
{
( -272 -272 0 ) ( -272 272 0 ) ( 272 272 0 ) ptile [ 1 0 0 0 ] [ 0 -1 0 0 ] 0 0.5 0.5
( -272 -272 -16 ) ( 272 -272 -16 ) ( 272 272 -16 ) ptile [ 1 0 0 0 ] [ 0 -1 0 0 ] 0 0.5 0.5
( -272 272 0 ) ( -272 -272 0 ) ( -272 -272 -16 ) ptile [ 0 1 0 0 ] [ 0 0 -1 0 ] 0 0.5 0.5
( 272 -272 0 ) ( 272 272 0 ) ( 272 272 -16 ) ptile [ 0 1 0 0 ] [ 0 0 -1 0 ] 0 0.5 0.5
( 272 -272 -16 ) ( -272 -272 -16 ) ( -272 -272 0 ) ptile [ 1 0 0 0 ] [ 0 0 -1 0 ] 0 0.5 0.5
( -272 272 -16 ) ( 272 272 -16 ) ( 272 272 0 ) ptile [ 1 0 0 0 ] [ 0 0 -1 0 ] 0 0.5 0.5
}
// brush 1 -- ceiling
{
( -272 -272 208 ) ( -272 272 208 ) ( 272 272 208 ) ppanel [ 1 0 0 0 ] [ 0 -1 0 0 ] 0 0.5 0.5
( -272 -272 192 ) ( 272 -272 192 ) ( 272 272 192 ) ppanel [ 1 0 0 0 ] [ 0 -1 0 0 ] 0 0.5 0.5
( -272 272 208 ) ( -272 -272 208 ) ( -272 -272 192 ) ppanel [ 0 1 0 0 ] [ 0 0 -1 0 ] 0 0.5 0.5
( 272 -272 208 ) ( 272 272 208 ) ( 272 272 192 ) ppanel [ 0 1 0 0 ] [ 0 0 -1 0 ] 0 0.5 0.5
( 272 -272 192 ) ( -272 -272 192 ) ( -272 -272 208 ) ppanel [ 1 0 0 0 ] [ 0 0 -1 0 ] 0 0.5 0.5
( -272 272 192 ) ( 272 272 192 ) ( 272 272 208 ) ppanel [ 1 0 0 0 ] [ 0 0 -1 0 ] 0 0.5 0.5
}
// brush 2 -- west wall
{
( -272 -272 192 ) ( -272 272 192 ) ( -256 272 192 ) wall_brick [ 1 0 0 0 ] [ 0 -1 0 0 ] 0 0.5 0.5
( -272 -272 0 ) ( -256 -272 0 ) ( -256 272 0 ) wall_brick [ 1 0 0 0 ] [ 0 -1 0 0 ] 0 0.5 0.5
( -272 272 192 ) ( -272 -272 192 ) ( -272 -272 0 ) wall_brick [ 0 1 0 0 ] [ 0 0 -1 0 ] 0 0.5 0.5
( -256 -272 192 ) ( -256 272 192 ) ( -256 272 0 ) wall_brick [ 0 1 0 0 ] [ 0 0 -1 0 ] 0 0.5 0.5
( -256 -272 0 ) ( -272 -272 0 ) ( -272 -272 192 ) wall_brick [ 1 0 0 0 ] [ 0 0 -1 0 ] 0 0.5 0.5
( -272 272 0 ) ( -256 272 0 ) ( -256 272 192 ) wall_brick [ 1 0 0 0 ] [ 0 0 -1 0 ] 0 0.5 0.5
}
// brush 3 -- east wall
{
( 256 -272 192 ) ( 256 272 192 ) ( 272 272 192 ) wall_brick [ 1 0 0 0 ] [ 0 -1 0 0 ] 0 0.5 0.5
( 256 -272 0 ) ( 272 -272 0 ) ( 272 272 0 ) wall_brick [ 1 0 0 0 ] [ 0 -1 0 0 ] 0 0.5 0.5
( 256 272 192 ) ( 256 -272 192 ) ( 256 -272 0 ) wall_brick [ 0 1 0 0 ] [ 0 0 -1 0 ] 0 0.5 0.5
( 272 -272 192 ) ( 272 272 192 ) ( 272 272 0 ) wall_brick [ 0 1 0 0 ] [ 0 0 -1 0 ] 0 0.5 0.5
( 272 -272 0 ) ( 256 -272 0 ) ( 256 -272 192 ) wall_brick [ 1 0 0 0 ] [ 0 0 -1 0 ] 0 0.5 0.5
( 256 272 0 ) ( 272 272 0 ) ( 272 272 192 ) wall_brick [ 1 0 0 0 ] [ 0 0 -1 0 ] 0 0.5 0.5
}
// brush 4 -- south wall
{
( -256 -272 192 ) ( -256 -256 192 ) ( 256 -256 192 ) wall_brick [ 1 0 0 0 ] [ 0 -1 0 0 ] 0 0.5 0.5
( -256 -272 0 ) ( 256 -272 0 ) ( 256 -256 0 ) wall_brick [ 1 0 0 0 ] [ 0 -1 0 0 ] 0 0.5 0.5
( -256 -256 192 ) ( -256 -272 192 ) ( -256 -272 0 ) wall_brick [ 0 1 0 0 ] [ 0 0 -1 0 ] 0 0.5 0.5
( 256 -272 192 ) ( 256 -256 192 ) ( 256 -256 0 ) wall_brick [ 0 1 0 0 ] [ 0 0 -1 0 ] 0 0.5 0.5
( 256 -272 0 ) ( -256 -272 0 ) ( -256 -272 192 ) wall_brick [ 1 0 0 0 ] [ 0 0 -1 0 ] 0 0.5 0.5
( -256 -256 0 ) ( 256 -256 0 ) ( 256 -256 192 ) wall_brick [ 1 0 0 0 ] [ 0 0 -1 0 ] 0 0.5 0.5
}
// brush 5 -- north wall, west of the doorway
{
( -256 256 192 ) ( -256 272 192 ) ( -64 272 192 ) wall_brick [ 1 0 0 0 ] [ 0 -1 0 0 ] 0 0.5 0.5
( -256 256 0 ) ( -64 256 0 ) ( -64 272 0 ) wall_brick [ 1 0 0 0 ] [ 0 -1 0 0 ] 0 0.5 0.5
( -256 272 192 ) ( -256 256 192 ) ( -256 256 0 ) wall_brick [ 0 1 0 0 ] [ 0 0 -1 0 ] 0 0.5 0.5
( -64 256 192 ) ( -64 272 192 ) ( -64 272 0 ) wall_brick [ 0 1 0 0 ] [ 0 0 -1 0 ] 0 0.5 0.5
( -64 256 0 ) ( -256 256 0 ) ( -256 256 192 ) wall_brick [ 1 0 0 0 ] [ 0 0 -1 0 ] 0 0.5 0.5
( -256 272 0 ) ( -64 272 0 ) ( -64 272 192 ) wall_brick [ 1 0 0 0 ] [ 0 0 -1 0 ] 0 0.5 0.5
}
// brush 6 -- north wall, east of the doorway
{
( 64 256 192 ) ( 64 272 192 ) ( 256 272 192 ) wall_brick [ 1 0 0 0 ] [ 0 -1 0 0 ] 0 0.5 0.5
( 64 256 0 ) ( 256 256 0 ) ( 256 272 0 ) wall_brick [ 1 0 0 0 ] [ 0 -1 0 0 ] 0 0.5 0.5
( 64 272 192 ) ( 64 256 192 ) ( 64 256 0 ) wall_brick [ 0 1 0 0 ] [ 0 0 -1 0 ] 0 0.5 0.5
( 256 256 192 ) ( 256 272 192 ) ( 256 272 0 ) wall_brick [ 0 1 0 0 ] [ 0 0 -1 0 ] 0 0.5 0.5
( 256 256 0 ) ( 64 256 0 ) ( 64 256 192 ) wall_brick [ 1 0 0 0 ] [ 0 0 -1 0 ] 0 0.5 0.5
( 64 272 0 ) ( 256 272 0 ) ( 256 272 192 ) wall_brick [ 1 0 0 0 ] [ 0 0 -1 0 ] 0 0.5 0.5
}
// brush 7 -- the lintel over the doorway
{
( -64 256 192 ) ( -64 272 192 ) ( 64 272 192 ) wall_brick [ 1 0 0 0 ] [ 0 -1 0 0 ] 0 0.5 0.5
( -64 256 128 ) ( 64 256 128 ) ( 64 272 128 ) wall_brick [ 1 0 0 0 ] [ 0 -1 0 0 ] 0 0.5 0.5
( -64 272 192 ) ( -64 256 192 ) ( -64 256 128 ) wall_brick [ 0 1 0 0 ] [ 0 0 -1 0 ] 0 0.5 0.5
( 64 256 192 ) ( 64 272 192 ) ( 64 272 128 ) wall_brick [ 0 1 0 0 ] [ 0 0 -1 0 ] 0 0.5 0.5
( 64 256 128 ) ( -64 256 128 ) ( -64 256 192 ) wall_brick [ 1 0 0 0 ] [ 0 0 -1 0 ] 0 0.5 0.5
( -64 272 128 ) ( 64 272 128 ) ( 64 272 192 ) wall_brick [ 1 0 0 0 ] [ 0 0 -1 0 ] 0 0.5 0.5
}
// brush 8 -- the ramp. Five planes: the south end has no height, so there is
// no plane there. A brush does not need a face where it has no face.
{
( -64 64 96 ) ( -64 -128 0 ) ( -192 -128 0 ) pmarble [ 1 0 0 0 ] [ 0 -1 0 0 ] 0 0.5 0.5
( -192 -128 0 ) ( -64 -128 0 ) ( -64 64 0 ) pmarble [ 1 0 0 0 ] [ 0 -1 0 0 ] 0 0.5 0.5
( -192 64 96 ) ( -192 -128 96 ) ( -192 -128 0 ) pmarble [ 0 1 0 0 ] [ 0 0 -1 0 ] 0 0.5 0.5
( -64 -128 96 ) ( -64 64 96 ) ( -64 64 0 ) pmarble [ 0 1 0 0 ] [ 0 0 -1 0 ] 0 0.5 0.5
( -192 64 0 ) ( -64 64 0 ) ( -64 64 96 ) pmarble [ 1 0 0 0 ] [ 0 0 -1 0 ] 0 0.5 0.5
}
// brush 9 -- the balcony the ramp arrives on. The room's floor runs underneath
// it, which is the pair of heights at one x,z that a sector could not hold.
{
( -256 64 96 ) ( -256 256 96 ) ( -64 256 96 ) pgrid [ 1 0 0 0 ] [ 0 -1 0 0 ] 0 0.5 0.5
( -256 64 80 ) ( -64 64 80 ) ( -64 256 80 ) pgrid [ 1 0 0 0 ] [ 0 -1 0 0 ] 0 0.5 0.5
( -256 256 96 ) ( -256 64 96 ) ( -256 64 80 ) pgrid [ 0 1 0 0 ] [ 0 0 -1 0 ] 0 0.5 0.5
( -64 64 96 ) ( -64 256 96 ) ( -64 256 80 ) pgrid [ 0 1 0 0 ] [ 0 0 -1 0 ] 0 0.5 0.5
( -64 64 80 ) ( -256 64 80 ) ( -256 64 96 ) pgrid [ 1 0 0 0 ] [ 0 0 -1 0 ] 0 0.5 0.5
( -256 256 80 ) ( -64 256 80 ) ( -64 256 96 ) pgrid [ 1 0 0 0 ] [ 0 0 -1 0 ] 0 0.5 0.5
}
}
// entity 1
{
"classname" "info_player_start"
"origin" "0 -160 32"
"angle" "90"
}
// Lights. `light` is Quake's brightness and this engine reads it as reach, so
// 400 units is 12.5m -- enough to cross most of a 16m room. `_color` is given
// in 0..1 floats, which is the spelling the compilers use; 0..255 is read too.
// Baked into the vertices when the level loads, shadowed against these brushes.
//
// 광원입니다. `light`는 Quake의 밝기이고 이 엔진은 그것을 도달 거리로 읽으므로, 400유닛은
// 12.5m이며 16m 방의 대부분을 가로지르기에 충분합니다. `_color`는 0..1 실수로 주었고 이는
// 컴파일러들이 쓰는 표기입니다. 0..255도 읽습니다. 레벨이 로드될 때 정점에 구워지며 이
// 브러시들에 대해 그림자가 집니다.
{
"classname" "light"
"origin" "-128 -128 160"
"light" "400"
"_color" "1 0.92 0.78"
}
{
"classname" "light"
"origin" "128 128 160"
"light" "400"
"_color" "0.78 0.86 1"
}
// Under the balcony, which the two above cannot reach through it. A brush level
// makes that a real place rather than a shading artefact.
// 발코니 아래이며, 위의 둘은 발코니를 통과해 그곳에 닿을 수 없습니다. 브러시 레벨은 그것을
// 음영 처리의 부산물이 아니라 실제 장소로 만듭니다.
{
"classname" "light"
"origin" "-160 160 48"
"light" "220"
"_color" "1 0.7 0.45"
}
// Things to find and things to fight. `monster_` and `item_` are Quake's
// prefixes and level.c strips them: what enemy.c and pickup.c see is `imp` and
// `health`, the names they already claimed. Adding a monster is a row in
// enemy.c's table and a line in the FGD; nothing in between changes.
//
// 찾을 것과 싸울 것입니다. `monster_`와 `item_`은 Quake의 접두사이고 level.c가 그것을 떼어
// 냅니다. enemy.c와 pickup.c가 보는 것은 `imp`와 `health`이며, 그들이 이미 차지한 이름입니다.
// 몬스터를 추가하는 일은 enemy.c 표의 행 하나와 FGD의 줄 하나이고, 그 사이의 무엇도 바뀌지
// 않습니다.
{
"classname" "item_health"
"origin" "-160 -160 24"
}
{
"classname" "item_shotgunammo"
"origin" "160 -160 24"
}
{
"classname" "monster_imp"
"origin" "192 192 24"
}
// THE SPAWNER. The kind carries the monster -- `spawner_imp` makes imps -- the
// same way a sprite name carries its frame number and `switch<n>` carries its
// tag. One every eight seconds, six of them, and never more than four monsters
// alive in the level at once.
//
// 스포너입니다. 종류가 몬스터를 나릅니다. `spawner_imp`는 임프를 만들며, 스프라이트 이름이
// 프레임 번호를 나르고 `switch<n>`이 태그를 나르는 것과 같은 방식입니다. 8초마다 하나씩 여섯
// 개이고, 레벨에 살아 있는 몬스터가 동시에 넷을 넘지 않습니다.
{
"classname" "monster_spawner_hound"
"origin" "-192 192 112"
"wait" "8"
"count" "6"
"maxalive" "4"
}
// entity 2 -- the door leaf. Its own brush, which is the whole of "a door is a
// group of brushes that moves".
// A red keycard, so the door below has something to demand.
{
"classname" "item_redkey"
"origin" "-192 -192 24"
}
// A trigger volume in front of the door: a brush entity, textured `trigger`,
// whose brushes level.c marks not-solid so the player can stand in it. It is
// linked to the door by NAME -- `target` here, `targetname` there -- which is
// Quake's idiom; level.c interns the pair to the number door.c compares.
//
// 문 앞의 트리거 부피입니다. `trigger`로 텍스처된 브러시 엔티티이며, level.c가 그 브러시를
// 고체가 아닌 것으로 표시해 플레이어가 그 안에 설 수 있습니다. 문과는 *이름*으로 연결됩니다.
// 이곳의 `target`과 저곳의 `targetname`이며 Quake의 어법입니다. level.c가 그 쌍을 door.c가
// 비교하는 숫자로 사상합니다.
{
"classname" "trigger_multiple"
"target" "northdoor"
{
( -96 160 96 ) ( -96 256 96 ) ( 96 256 96 ) trigger [ 1 0 0 0 ] [ 0 -1 0 0 ] 0 1 1
( -96 160 0 ) ( 96 160 0 ) ( 96 256 0 ) trigger [ 1 0 0 0 ] [ 0 -1 0 0 ] 0 1 1
( -96 256 96 ) ( -96 160 96 ) ( -96 160 0 ) trigger [ 0 1 0 0 ] [ 0 0 -1 0 ] 0 1 1
( 96 160 96 ) ( 96 256 96 ) ( 96 256 0 ) trigger [ 0 1 0 0 ] [ 0 0 -1 0 ] 0 1 1
( 96 160 0 ) ( -96 160 0 ) ( -96 160 96 ) trigger [ 1 0 0 0 ] [ 0 0 -1 0 ] 0 1 1
( -96 256 0 ) ( 96 256 0 ) ( 96 256 96 ) trigger [ 1 0 0 0 ] [ 0 0 -1 0 ] 0 1 1
}
}
{
"classname" "func_door"
"targetname" "northdoor"
"key" "red"
"angle" "-1"
"speed" "100"
// brush 0
{
( -64 256 128 ) ( -64 272 128 ) ( 64 272 128 ) wall_door [ 1 0 0 0 ] [ 0 -1 0 0 ] 0 0.5 0.5
( -64 256 0 ) ( 64 256 0 ) ( 64 272 0 ) wall_door [ 1 0 0 0 ] [ 0 -1 0 0 ] 0 0.5 0.5
( -64 272 128 ) ( -64 256 128 ) ( -64 256 0 ) wall_door [ 0 1 0 0 ] [ 0 0 -1 0 ] 0 0.5 0.5
( 64 256 128 ) ( 64 272 128 ) ( 64 272 0 ) wall_door [ 0 1 0 0 ] [ 0 0 -1 0 ] 0 0.5 0.5
( 64 256 0 ) ( -64 256 0 ) ( -64 256 128 ) wall_door [ 1 0 0 64 ] [ 0 0 -1 128 ] 0 1 1
( -64 272 0 ) ( 64 272 0 ) ( 64 272 128 ) wall_door [ -1 0 0 64 ] [ 0 0 -1 128 ] 0 1 1
}
}
